raosh@DESKTOP-1IBSIUQ MINGW64 ~/ZEMOSO/training (master)
$ git branch greeting

raosh@DESKTOP-1IBSIUQ MINGW64 ~/ZEMOSO/training (master)
$ git switch greeting
Switched to branch 'greeting'

raosh@DESKTOP-1IBSIUQ MINGW64 ~/ZEMOSO/training (greeting)
$ ls
file.txt  file1.txt  file2.txt  greeting.txt  kata2.txt  pooja.txt  test.txt

raosh@DESKTOP-1IBSIUQ MINGW64 ~/ZEMOSO/training (greeting)
$ git add greeting.txt

raosh@DESKTOP-1IBSIUQ MINGW64 ~/ZEMOSO/training (greeting)
$ git commit -m "greeting added in kata5"
On branch greeting
nothing to commit, working tree clean

raosh@DESKTOP-1IBSIUQ MINGW64 ~/ZEMOSO/training (greeting)
$ git switch master
Switched to branch 'master'

raosh@DESKTOP-1IBSIUQ MINGW64 ~/ZEMOSO/training (master)
$ git add README.md
fatal: pathspec 'README.md' did not match any files

raosh@DESKTOP-1IBSIUQ MINGW64 ~/ZEMOSO/training (master)
$ touch README.md

raosh@DESKTOP-1IBSIUQ MINGW64 ~/ZEMOSO/training (master)
$ vi README.md

raosh@DESKTOP-1IBSIUQ MINGW64 ~/ZEMOSO/training (master)
$ git add README.md
warning: in the working copy of 'README.md', LF will be replaced by CRLF the next time Git touches it

raosh@DESKTOP-1IBSIUQ MINGW64 ~/ZEMOSO/training (master)
$ git commit -m "readme file added"
[master 2786944] readme file added
 1 file changed, 1 insertion(+)
 create mode 100644 README.md

raosh@DESKTOP-1IBSIUQ MINGW64 ~/ZEMOSO/training (master)
$ git log --oneline --graph --all
* 2786944 (HEAD -> master) readme file added
*   1ebc3ea (origin/master, greeting) Merge branch 'master' of github.com:poojakundala633/training
|\
| *   bdf0222 Merge pull request #1 from poojakundala633/mybranch
| |\
* | | b3dec94 greeting.txt added
| |/
|/|
* | 2f422f6 (origin/mybranch, mybranch) kata3 added
* | 8bc331b pooja.txt added
|/
* 6ec716e kata2 added
* e10e92f file1 added
* ee55413 file1.txt kata2
* bf784b0 kata1 added
* d8cf8e0 test file again added
* a8df755 test file added

raosh@DESKTOP-1IBSIUQ MINGW64 ~/ZEMOSO/training (master)
$ git branch
  greeting
* master
  mybranch

raosh@DESKTOP-1IBSIUQ MINGW64 ~/ZEMOSO/training (master)
$ git diff mybranch master
diff --git a/README.md b/README.md
new file mode 100644
index 0000000..81edee6
--- /dev/null
+++ b/README.md
@@ -0,0 +1 @@
+this is 3way merge file
diff --git a/greeting.txt b/greeting.txt
new file mode 100644
index 0000000..023d6d7
--- /dev/null
+++ b/greeting.txt
@@ -0,0 +1,2 @@
+hiii greeting
+

raosh@DESKTOP-1IBSIUQ MINGW64 ~/ZEMOSO/training (master)
$ git merge greeting
Already up to date.

raosh@DESKTOP-1IBSIUQ MINGW64 ~/ZEMOSO/training (master)
$ git log --oneline --graph --all
* 2786944 (HEAD -> master) readme file added
*   1ebc3ea (origin/master, greeting) Merge branch 'master' of github.com:poojakundala633/training
|\
| *   bdf0222 Merge pull request #1 from poojakundala633/mybranch
| |\
* | | b3dec94 greeting.txt added
| |/
|/|
* | 2f422f6 (origin/mybranch, mybranch) kata3 added
* | 8bc331b pooja.txt added
|/
* 6ec716e kata2 added
* e10e92f file1 added
* ee55413 file1.txt kata2
* bf784b0 kata1 added
* d8cf8e0 test file again added
* a8df755 test file added

raosh@DESKTOP-1IBSIUQ MINGW64 ~/ZEMOSO/training (master)
$
