hiii this is pooja
raosh@DESKTOP-1IBSIUQ MINGW64 ~/ZEMOSO/training (master)
$ git init
Initialized empty Git repository in C:/Users/raosh/ZEMOSO/training/.git/

raosh@DESKTOP-1IBSIUQ MINGW64 ~/ZEMOSO/training (master)
$ git status
On branch master

No commits yet

nothing to commit (create/copy files and use "git add" to track)

raosh@DESKTOP-1IBSIUQ MINGW64 ~/ZEMOSO/training (master)
$ git log
fatal: your current branch 'master' does not have any commits yet

raosh@DESKTOP-1IBSIUQ MINGW64 ~/ZEMOSO/training (master)
$ touch test.txt

raosh@DESKTOP-1IBSIUQ MINGW64 ~/ZEMOSO/training (master)
$ git add test.txt

raosh@DESKTOP-1IBSIUQ MINGW64 ~/ZEMOSO/training (master)
$ git commit -m "test file added"
[master (root-commit) a8df755] test file added
 1 file changed, 0 insertions(+), 0 deletions(-)
 create mode 100644 test.txt

raosh@DESKTOP-1IBSIUQ MINGW64 ~/ZEMOSO/training (master)
$ git status
On branch master
nothing to commit, working tree clean

raosh@DESKTOP-1IBSIUQ MINGW64 ~/ZEMOSO/training (master)
$ vi test.txt

raosh@DESKTOP-1IBSIUQ MINGW64 ~/ZEMOSO/training (master)
$ git status
On branch master
Changes not staged for commit:
  (use "git add <file>..." to update what will be committed)
  (use "git restore <file>..." to discard changes in working directory)
        modified:   test.txt

no changes added to commit (use "git add" and/or "git commit -a")

raosh@DESKTOP-1IBSIUQ MINGW64 ~/ZEMOSO/training (master)
$ git add test.txt
warning: in the working copy of 'test.txt', LF will be replaced by CRLF the next time Git touches it

raosh@DESKTOP-1IBSIUQ MINGW64 ~/ZEMOSO/training (master)
$ git commit -m "test file again added"
[master d8cf8e0] test file again added
 1 file changed, 1 insertion(+)

raosh@DESKTOP-1IBSIUQ MINGW64 ~/ZEMOSO/training (master)
$ git status
On branch master
nothing to commit, working tree clean

raosh@DESKTOP-1IBSIUQ MINGW64 ~/ZEMOSO/training (master)
$ git log
commit d8cf8e0d3495450002f013044ad78c780430bd4f (HEAD -> master)
Author: poojakundala633 <pooja.kundala@zemosolabs.com>
Date:   Mon Jan 23 17:55:12 2023 +0530

    test file again added

commit a8df755047960d65e6a1261114d69250968d6c23
Author: poojakundala633 <pooja.kundala@zemosolabs.com>
Date:   Mon Jan 23 17:53:59 2023 +0530

    test file added

raosh@DESKTOP-1IBSIUQ MINGW64 ~/ZEMOSO/training (master)
$ git remote add origin git@github.com:poojakundala633/training.git

raosh@DESKTOP-1IBSIUQ MINGW64 ~/ZEMOSO/training (master)
$ git remote -v
origin  git@github.com:poojakundala633/training.git (fetch)
origin  git@github.com:poojakundala633/training.git (push)

raosh@DESKTOP-1IBSIUQ MINGW64 ~/ZEMOSO/training (master)
$ git push origin master
To github.com:poojakundala633/training.git
 ! [rejected]        master -> master (fetch first)
error: failed to push some refs to 'github.com:poojakundala633/training.git'
hint: Updates were rejected because the remote contains work that you do
hint: not have locally. This is usually caused by another repository pushing
hint: to the same ref. You may want to first integrate the remote changes
hint: (e.g., 'git pull ...') before pushing again.
hint: See the 'Note about fast-forwards' in 'git push --help' for details.

raosh@DESKTOP-1IBSIUQ MINGW64 ~/ZEMOSO/training (master)
$ git pull origin master
remote: Enumerating objects: 3, done.
remote: Counting objects: 100% (3/3), done.
remote: Total 3 (delta 0), reused 0 (delta 0), pack-reused 0
Unpacking objects: 100% (3/3), 594 bytes | 54.00 KiB/s, done.
From github.com:poojakundala633/training
 * branch            master     -> FETCH_HEAD
 * [new branch]      master     -> origin/master
fatal: refusing to merge unrelated histories

raosh@DESKTOP-1IBSIUQ MINGW64 ~/ZEMOSO/training (master)
$ git push origin master
To github.com:poojakundala633/training.git
 ! [rejected]        master -> master (non-fast-forward)
error: failed to push some refs to 'github.com:poojakundala633/training.git'
hint: Updates were rejected because the tip of your current branch is behind
hint: its remote counterpart. Integrate the remote changes (e.g.
hint: 'git pull ...') before pushing again.
hint: See the 'Note about fast-forwards' in 'git push --help' for details.

raosh@DESKTOP-1IBSIUQ MINGW64 ~/ZEMOSO/training (master)
$ git push origin master
To github.com:poojakundala633/training.git
 ! [rejected]        master -> master (non-fast-forward)
error: failed to push some refs to 'github.com:poojakundala633/training.git'
hint: Updates were rejected because the tip of your current branch is behind
hint: its remote counterpart. Integrate the remote changes (e.g.
hint: 'git pull ...') before pushing again.
hint: See the 'Note about fast-forwards' in 'git push --help' for details.

raosh@DESKTOP-1IBSIUQ MINGW64 ~/ZEMOSO/training (master)
$ git push origin
fatal: The current branch master has no upstream branch.
To push the current branch and set the remote as upstream, use

    git push --set-upstream origin master

To have this happen automatically for branches without a tracking
upstream, see 'push.autoSetupRemote' in 'git help config'.


raosh@DESKTOP-1IBSIUQ MINGW64 ~/ZEMOSO/training (master)
$ git push --force origin master
Enumerating objects: 6, done.
Counting objects: 100% (6/6), done.
Delta compression using up to 4 threads
Compressing objects: 100% (2/2), done.
Writing objects: 100% (6/6), 460 bytes | 115.00 KiB/s, done.
Total 6 (delta 0), reused 0 (delta 0), pack-reused 0
To github.com:poojakundala633/training.git
 + de02c7c...d8cf8e0 master -> master (forced update)

raosh@DESKTOP-1IBSIUQ MINGW64 ~/ZEMOSO/training (master)
$
